main.c:67:5:main	48	static
main.c:149:6:SystemClock_Config	72	static
main.c:185:13:MX_USART1_UART_Init	8	static
main.c:218:13:MX_GPIO_Init	16	static
main.c:228:6:Flash_Write_uint8	96	static
main.c:252:6:Flash_Read_uint8	88	static
main.c:268:6:Flash_Write_uint16	96	static
main.c:292:6:Flash_Erase_One_Page	112	static
main.c:324:6:Flash_Write_uint32	96	static
main.c:346:10:Flash_Read_uint32	96	static
main.c:362:6:Flash_Write_uint64	112	static
main.c:390:6:Error_Handler	4	static,ignoring_inline_asm
